// Jest Snapshot v1, https://goo.gl/fbAQLP

exports[`QuizResult tests matches snapshot 1`] = `
<DocumentFragment>
  <div
    class="QuizResult container-fluid mt-3"
  >
    <div
      class="ResultsBanner jumbotron bg-info text-light"
    >
      <h1
        class="display-4"
      >
        So close!
      </h1>
      <p
        class="lead"
      >
        You got 1 out of 2 correct on this attempt.
      </p>
      <hr
        class="my-4"
      />
      <p>
        You almost had it!
      </p>
    </div>
    <div
      class="mt-4"
    >
      <ul
        class="list-group list-group-flush"
      >
        <li
          class="list-group-item list-group-item-secondary"
        >
          <svg
            aria-hidden="true"
            class="svg-inline--fa fa-check fa-w-16 text-success"
            data-icon="check"
            data-prefix="fas"
            focusable="false"
            role="img"
            viewBox="0 0 512 512"
            xmlns="http://www.w3.org/2000/svg"
          >
            <path
              d="M173.898 439.404l-166.4-166.4c-9.997-9.997-9.997-26.206 0-36.204l36.203-36.204c9.997-9.998 26.207-9.998 36.204 0L192 312.69 432.095 72.596c9.997-9.997 26.207-9.997 36.204 0l36.203 36.204c9.997 9.997 9.997 26.206 0 36.204l-294.4 294.401c-9.998 9.997-26.207 9.997-36.204-.001z"
              fill="currentColor"
            />
          </svg>
           What you know
        </li>
        <li
          class="list-group-item text-black-50"
        >
          q1
        </li>
      </ul>
    </div>
    <div
      class="mt-4"
    >
      <ul
        class="list-group list-group-flush"
      >
        <li
          class="list-group-item list-group-item-secondary"
        >
          <svg
            aria-hidden="true"
            class="svg-inline--fa fa-times fa-w-11 text-danger"
            data-icon="times"
            data-prefix="fas"
            focusable="false"
            role="img"
            viewBox="0 0 352 512"
            xmlns="http://www.w3.org/2000/svg"
          >
            <path
              d="M242.72 256l100.07-100.07c12.28-12.28 12.28-32.19 0-44.48l-22.24-22.24c-12.28-12.28-32.19-12.28-44.48 0L176 189.28 75.93 89.21c-12.28-12.28-32.19-12.28-44.48 0L9.21 111.45c-12.28 12.28-12.28 32.19 0 44.48L109.28 256 9.21 356.07c-12.28 12.28-12.28 32.19 0 44.48l22.24 22.24c12.28 12.28 32.2 12.28 44.48 0L176 322.72l100.07 100.07c12.28 12.28 32.2 12.28 44.48 0l22.24-22.24c12.28-12.28 12.28-32.19 0-44.48L242.72 256z"
              fill="currentColor"
            />
          </svg>
           What you should review
        </li>
        <li
          class="list-group-item text-black-50"
        >
          q2
        </li>
      </ul>
    </div>
    <div
      class="container-fluid bg-light py-2"
    >
      <button
        class="btn btn-outline-danger"
        role="button"
      >
        Retry Quiz?
      </button>
      <a
        href="/quizzes"
      >
        <button
          class="btn btn-outline-info ml-1"
        >
          Find more Quizzes
        </button>
      </a>
    </div>
  </div>
</DocumentFragment>
`;
